npm warn Unknown project config "approve-builds". This will stop working in the next major version of npm. See `npm help npmrc` for supported config options.

> candy_world@1.0.0 build
> npm run build:wasm && npm run build:emcc && vite build

npm warn Unknown env config "approve-builds". This will stop working in the next major version of npm. See `npm help npmrc` for supported config options.
npm warn Unknown project config "approve-builds". This will stop working in the next major version of npm. See `npm help npmrc` for supported config options.

> candy_world@1.0.0 build:wasm
> asc assembly/index.ts --outFile src/wasm/candy_physics.wasm --textFile src/wasm/candy_physics.wat --sourceMap --shrinkLevel 0 --optimize --converge --optimizeLevel 3 --enable simd --enable bulk-memory --initialMemory 5 --maximumMemory 256 --target wasm-gc --enable reference-types --enable gc --exportRuntime --bindings esm

Last converge was suboptimal.
npm warn Unknown env config "approve-builds". This will stop working in the next major version of npm. See `npm help npmrc` for supported config options.
npm warn Unknown project config "approve-builds". This will stop working in the next major version of npm. See `npm help npmrc` for supported config options.

> candy_world@1.0.0 build:emcc
> bash emscripten/build.sh

==========================================
Candy World WASM Build (Robust Mode)
==========================================
[WARN] emsdk_env.sh not found. Assuming em++ is in PATH.

==========================================
[WARN] Emscripten (em++) not found in PATH
==========================================

The WASM native module cannot be built.
The application will use JavaScript fallbacks for all animation functions.

To enable native WASM acceleration:
  1. Install Emscripten: https://emscripten.org/docs/getting_started/downloads.html
  2. Source emsdk_env.sh before running this script
  3. Re-run: npm run build:emcc

[INFO] Removing stale WASM artifacts...
[OK] Build skipped. JS fallback mode enabled.
vite v5.4.21 building for production...
transforming...

new URL("./js/audio-processor.js", import.meta.url) doesn't exist at build time, it will remain unchanged to be resolved at runtime. If this is intended, you can use the /* @vite-ignore */ comment to suppress this warning.
✓ 447 modules transformed.
Export "initFallingBerries" of module "src/foliage/berries.ts" was reexported through module "src/foliage/index.ts" while both modules are dependencies of each other and will end up in different chunks by current Rollup settings. This scenario is not well supported at the moment as it will produce a circular dependency between chunks and will likely lead to broken execution order.
Either change the import in "src/world/generation-core.ts" to point directly to the exporting module or reconfigure "output.manualChunks" to ensure these modules end up in the same chunk.
Circular chunk: weather -> app -> weather. Please adjust the manual chunk logic for these chunks.
Circular chunk: app -> profiler -> app. Please adjust the manual chunk logic for these chunks.
Circular chunk: app -> playlist-ui -> app. Please adjust the manual chunk logic for these chunks.
rendering chunks...
[plugin:vite:reporter] [plugin vite:reporter]
(!) /app/src/systems/net/presence.ts is dynamically imported by /app/src/systems/net/lazy.ts, /app/src/ui/presence-panel.ts, /app/src/ui/presence-panel.ts but also statically imported by /app/src/ui/presence-panel.ts, dynamic import will not move module into another chunk.

[plugin:vite:reporter] [plugin vite:reporter]
(!) /app/src/ui/announcer.ts is dynamically imported by /app/src/utils/wasm-loader-core.ts but also statically imported by /app/src/core/camera-modes.ts, /app/src/core/hud.ts, /app/src/core/input/audio-controls.ts, /app/src/core/input/input/explore-toggle.ts, /app/src/core/input/input/reticle.ts, /app/src/core/input/playlist-manager.ts, /app/src/core/main/input-pipeline.ts, /app/src/core/main/start-screen.ts, /app/src/systems/net/presence.ts, /app/src/systems/photo-mode/photo-controls.ts, /app/src/ui/accessibility-menu-core.ts, /app/src/ui/accessibility-menu-rendering.ts, /app/src/ui/loading-screen-dom.ts, /app/src/ui/loading-screen-ui.ts, /app/src/ui/save-menu/save-menu.ts, /app/src/utils/toast.ts, dynamic import will not move module into another chunk.

[plugin:vite:reporter] [plugin vite:reporter]
(!) /app/src/world/terrain-mesh.ts is dynamically imported by /app/src/core/game-loop-streaming.ts but also statically imported by /app/src/world/generation-core.ts, dynamic import will not move module into another chunk.

computing gzip size...
dist/index.html                             41.34 kB │ gzip:   8.59 kB
dist/wasm/candy_physics-DsNQf92O.wasm       45.79 kB
dist/assets/map-chunks-CyUG5RtQ.json        64.92 kB │ gzip:   9.39 kB
dist/images/splash-D-9ecu-R.webp           155.75 kB
dist/assets/map-CS5djXXO.json              863.09 kB │ gzip: 173.86 kB
dist/assets/accessibility-ui-BM80WPew.css    1.26 kB │ gzip:   0.45 kB
dist/assets/app-BGBWCRzT.css                28.59 kB │ gzip:   6.54 kB
dist/chunks/postfx-shared-DXYL8R8x.js        1.06 kB │ gzip:   0.60 kB │ map:     6.88 kB
dist/main-C7LisXQu.js                        1.47 kB │ gzip:   0.66 kB │ map:     0.10 kB
dist/chunks/clustered-lights-BrUVbv_S.js     1.62 kB │ gzip:   0.79 kB │ map:     8.99 kB
dist/chunks/webgl-debug-nOr6LafX.js          2.59 kB │ gzip:   1.19 kB │ map:    10.20 kB
dist/chunks/world-health-DV_O6SYS.js         2.62 kB │ gzip:   1.26 kB │ map:     9.24 kB
dist/chunks/mode-badge-B7F9MYa2.js           3.00 kB │ gzip:   1.14 kB │ map:     6.24 kB
dist/chunks/postfx-webgpu-DBgIPAX3.js        3.23 kB │ gzip:   1.44 kB │ map:    13.77 kB
dist/chunks/telemetry-C-QnY5I4.js            3.27 kB │ gzip:   1.42 kB │ map:    11.88 kB
dist/chunks/loading-ui-Cv7Ht3jU.js           4.28 kB │ gzip:   1.29 kB │ map:    15.80 kB
dist/chunks/cloud-placer-CWp8q-gW.js         5.85 kB │ gzip:   2.71 kB │ map:    18.72 kB
dist/chunks/shader-warmup-CUtwtavk.js        7.02 kB │ gzip:   2.73 kB │ map:    31.64 kB
dist/chunks/awakened-C27AF5Gj.js             9.37 kB │ gzip:   3.07 kB │ map:    31.37 kB
dist/chunks/playlist-ui-CjG_ALMd.js         10.52 kB │ gzip:   3.14 kB │ map:    43.15 kB
dist/chunks/generative-music-CG0FhQ5A.js    11.32 kB │ gzip:   4.07 kB │ map:    41.39 kB
dist/chunks/photo-mode-D6Ih9AgK.js          13.52 kB │ gzip:   4.52 kB │ map:    41.50 kB
dist/chunks/profiler-D2KJ7pSK.js            13.71 kB │ gzip:   4.65 kB │ map:    46.65 kB
dist/chunks/map-loader-Dx_GTNs0.js          16.37 kB │ gzip:   5.29 kB │ map:    62.48 kB
dist/chunks/gameplay-BrCEmdEH.js            16.55 kB │ gzip:   5.55 kB │ map:    79.11 kB
dist/chunks/world-content-Ilb5E6Pe.js       16.90 kB │ gzip:   5.99 kB │ map:    64.08 kB
dist/chunks/presence-BglipWqJ.js            20.53 kB │ gzip:   7.22 kB │ map:    59.74 kB
dist/chunks/debug-bLzpXj3u.js               33.93 kB │ gzip:  10.94 kB │ map:   106.78 kB
dist/chunks/analytics-debug-By6SNuLv.js     35.98 kB │ gzip:   9.02 kB │ map:   105.98 kB
dist/chunks/accessibility-ui-JRcVIfty.js    36.97 kB │ gzip:   9.68 kB │ map:   111.42 kB
dist/chunks/save-ui-DdCjT4Ul.js             63.80 kB │ gzip:  15.79 kB │ map:   161.80 kB
dist/chunks/weather-B6TCE63u.js            111.19 kB │ gzip:  31.15 kB │ map:   400.93 kB
dist/chunks/app-Dm7u4-cm.js                647.79 kB │ gzip: 205.33 kB │ map: 2,948.10 kB
dist/chunks/vendor-B7Sd6zKV.js             977.53 kB │ gzip: 266.77 kB │ map: 4,354.05 kB

(!) Some chunks are larger than 500 kB after minification. Consider:
- Using dynamic import() to code-split the application
- Use build.rollupOptions.output.manualChunks to improve chunking: https://rollupjs.org/configuration-options/#output-manualchunks
- Adjust chunk size limit for this warning via build.chunkSizeWarningLimit.
✓ built in 19.99s
